// Jest Snapshot v1, https://goo.gl/fbAQLP

exports[`Renders normal HTML/components when inside <HydrationProvider> 1`] = `"<div><h1>Universal Title</h1><article><h2>Universal Subtitle</h2><div>Server</div></article></div>"`;

exports[`Renders normal HTML/components when inside <HydrationProvider> 2`] = `"<div><h1>Universal Title</h1><article><h2>Universal Subtitle</h2><div>Client</div></article></div>"`;
